Map:
	Title = Large City
	BlockCount = 237
	Height = 25
	StreetCount = 77
	Width = 25
	Heightmap = textures\heightmap_large.tga
	Blocks:
		0:
			type = 0
			x = 2
			y = 3
		end
		1:
			type = 0
			x = 3
			y = 3
		end
		10:
			type = 0
			x = 3
			y = 18
		end
		100:
			type = 0
			x = 11
			y = 19
		end
		101:
			type = 0
			x = 11
			y = 20
		end
		102:
			type = 0
			x = 11
			y = 21
		end
		103:
			type = 0
			x = 11
			y = 22
		end
		104:
			type = 0
			x = 12
			y = 6
		end
		105:
			type = 0
			x = 12
			y = 7
		end
		106:
			type = 0
			x = 12
			y = 8
		end
		107:
			type = 0
			x = 12
			y = 9
		end
		108:
			type = 0
			x = 12
			y = 10
		end
		109:
			type = 0
			x = 12
			y = 11
		end
		11:
			type = 0
			x = 3
			y = 19
		end
		110:
			type = 0
			x = 12
			y = 15
		end
		111:
			type = 0
			x = 12
			y = 16
		end
		112:
			type = 0
			x = 12
			y = 17
		end
		113:
			type = 0
			x = 12
			y = 18
		end
		114:
			type = 0
			x = 12
			y = 19
		end
		115:
			type = 0
			x = 12
			y = 20
		end
		116:
			type = 0
			x = 12
			y = 21
		end
		117:
			type = 0
			x = 12
			y = 22
		end
		118:
			type = 0
			x = 12
			y = 23
		end
		119:
			type = 0
			x = 13
			y = 7
		end
		12:
			type = 0
			x = 4
			y = 3
		end
		120:
			type = 0
			x = 13
			y = 8
		end
		121:
			type = 0
			x = 13
			y = 9
		end
		122:
			type = 0
			x = 13
			y = 10
		end
		123:
			type = 0
			x = 13
			y = 11
		end
		124:
			type = 0
			x = 13
			y = 12
		end
		125:
			type = 0
			x = 13
			y = 16
		end
		126:
			type = 0
			x = 13
			y = 17
		end
		127:
			type = 0
			x = 13
			y = 18
		end
		128:
			type = 0
			x = 13
			y = 19
		end
		129:
			type = 0
			x = 13
			y = 20
		end
		13:
			type = 0
			x = 4
			y = 4
		end
		130:
			type = 0
			x = 13
			y = 21
		end
		131:
			type = 0
			x = 13
			y = 22
		end
		132:
			type = 0
			x = 13
			y = 23
		end
		133:
			type = 0
			x = 14
			y = 8
		end
		134:
			type = 0
			x = 14
			y = 9
		end
		135:
			type = 0
			x = 14
			y = 10
		end
		136:
			type = 0
			x = 14
			y = 11
		end
		137:
			type = 0
			x = 14
			y = 12
		end
		138:
			type = 0
			x = 14
			y = 16
		end
		139:
			type = 0
			x = 14
			y = 17
		end
		14:
			type = 0
			x = 4
			y = 9
		end
		140:
			type = 0
			x = 14
			y = 18
		end
		141:
			type = 3
			x = 14
			y = 19
		end
		142:
			type = 0
			x = 14
			y = 20
		end
		143:
			type = 0
			x = 14
			y = 21
		end
		144:
			type = 0
			x = 14
			y = 22
		end
		145:
			type = 0
			x = 15
			y = 8
		end
		146:
			type = 0
			x = 15
			y = 9
		end
		147:
			type = 0
			x = 15
			y = 10
		end
		148:
			type = 0
			x = 15
			y = 11
		end
		149:
			type = 0
			x = 15
			y = 12
		end
		15:
			type = 0
			x = 4
			y = 10
		end
		150:
			type = 0
			x = 15
			y = 13
		end
		151:
			type = 0
			x = 15
			y = 16
		end
		152:
			type = 0
			x = 15
			y = 17
		end
		153:
			type = 0
			x = 15
			y = 18
		end
		154:
			type = 0
			x = 15
			y = 19
		end
		155:
			type = 0
			x = 15
			y = 20
		end
		156:
			type = 0
			x = 15
			y = 21
		end
		157:
			type = 0
			x = 15
			y = 22
		end
		158:
			type = 0
			x = 16
			y = 8
		end
		159:
			type = 0
			x = 16
			y = 9
		end
		16:
			type = 0
			x = 4
			y = 11
		end
		160:
			type = 0
			x = 16
			y = 10
		end
		161:
			type = 0
			x = 16
			y = 11
		end
		162:
			type = 0
			x = 16
			y = 12
		end
		163:
			type = 0
			x = 16
			y = 13
		end
		164:
			type = 0
			x = 16
			y = 16
		end
		165:
			type = 0
			x = 16
			y = 17
		end
		166:
			type = 0
			x = 16
			y = 18
		end
		167:
			type = 0
			x = 16
			y = 19
		end
		168:
			type = 0
			x = 16
			y = 20
		end
		169:
			type = 0
			x = 16
			y = 21
		end
		17:
			type = 0
			x = 4
			y = 12
		end
		170:
			type = 0
			x = 17
			y = 8
		end
		171:
			type = 0
			x = 17
			y = 9
		end
		172:
			type = 0
			x = 17
			y = 10
		end
		173:
			type = 0
			x = 17
			y = 11
		end
		174:
			type = 0
			x = 17
			y = 12
		end
		175:
			type = 0
			x = 17
			y = 16
		end
		176:
			type = 0
			x = 17
			y = 17
		end
		177:
			type = 4
			x = 17
			y = 18
		end
		178:
			type = 0
			x = 17
			y = 19
		end
		179:
			type = 0
			x = 17
			y = 20
		end
		18:
			type = 0
			x = 4
			y = 13
		end
		180:
			type = 0
			x = 17
			y = 21
		end
		181:
			type = 0
			x = 18
			y = 7
		end
		182:
			type = 0
			x = 18
			y = 8
		end
		183:
			type = 0
			x = 18
			y = 9
		end
		184:
			type = 0
			x = 18
			y = 10
		end
		185:
			type = 0
			x = 18
			y = 11
		end
		186:
			type = 0
			x = 18
			y = 16
		end
		187:
			type = 0
			x = 18
			y = 17
		end
		188:
			type = 0
			x = 18
			y = 18
		end
		189:
			type = 0
			x = 18
			y = 19
		end
		19:
			type = 0
			x = 4
			y = 14
		end
		190:
			type = 0
			x = 18
			y = 20
		end
		191:
			type = 0
			x = 18
			y = 21
		end
		192:
			type = 0
			x = 19
			y = 6
		end
		193:
			type = 0
			x = 19
			y = 7
		end
		194:
			type = 0
			x = 19
			y = 8
		end
		195:
			type = 0
			x = 19
			y = 9
		end
		196:
			type = 0
			x = 19
			y = 10
		end
		197:
			type = 0
			x = 19
			y = 15
		end
		198:
			type = 0
			x = 19
			y = 16
		end
		199:
			type = 0
			x = 19
			y = 17
		end
		2:
			type = 0
			x = 3
			y = 4
		end
		20:
			type = 0
			x = 4
			y = 15
		end
		200:
			type = 0
			x = 19
			y = 18
		end
		201:
			type = 0
			x = 19
			y = 19
		end
		202:
			type = 0
			x = 19
			y = 20
		end
		203:
			type = 0
			x = 19
			y = 21
		end
		204:
			type = 0
			x = 20
			y = 5
		end
		205:
			type = 0
			x = 20
			y = 6
		end
		206:
			type = 0
			x = 20
			y = 7
		end
		207:
			type = 0
			x = 20
			y = 8
		end
		208:
			type = 0
			x = 20
			y = 9
		end
		209:
			type = 0
			x = 20
			y = 10
		end
		21:
			type = 0
			x = 4
			y = 16
		end
		210:
			type = 0
			x = 20
			y = 14
		end
		211:
			type = 0
			x = 20
			y = 15
		end
		212:
			type = 0
			x = 20
			y = 16
		end
		213:
			type = 0
			x = 20
			y = 17
		end
		214:
			type = 0
			x = 20
			y = 18
		end
		215:
			type = 0
			x = 20
			y = 19
		end
		216:
			type = 0
			x = 20
			y = 20
		end
		217:
			type = 0
			x = 20
			y = 21
		end
		218:
			type = 2
			x = 21
			y = 4
		end
		219:
			type = 0
			x = 21
			y = 5
		end
		22:
			type = 3
			x = 4
			y = 17
		end
		220:
			type = 0
			x = 21
			y = 6
		end
		221:
			type = 0
			x = 21
			y = 7
		end
		222:
			type = 0
			x = 21
			y = 8
		end
		223:
			type = 0
			x = 21
			y = 9
		end
		224:
			type = 0
			x = 21
			y = 13
		end
		225:
			type = 0
			x = 21
			y = 14
		end
		226:
			type = 0
			x = 21
			y = 15
		end
		227:
			type = 0
			x = 21
			y = 16
		end
		228:
			type = 0
			x = 21
			y = 17
		end
		229:
			type = 0
			x = 21
			y = 18
		end
		23:
			type = 0
			x = 4
			y = 18
		end
		230:
			type = 0
			x = 21
			y = 19
		end
		231:
			type = 0
			x = 21
			y = 20
		end
		232:
			type = 0
			x = 21
			y = 21
		end
		233:
			type = 0
			x = 22
			y = 7
		end
		234:
			type = 0
			x = 22
			y = 8
		end
		235:
			type = 0
			x = 22
			y = 9
		end
		236:
			type = 0
			x = 22
			y = 20
		end
		24:
			type = 0
			x = 4
			y = 19
		end
		25:
			type = 0
			x = 5
			y = 3
		end
		26:
			type = 0
			x = 5
			y = 4
		end
		27:
			type = 0
			x = 5
			y = 5
		end
		28:
			type = 0
			x = 5
			y = 10
		end
		29:
			type = 0
			x = 5
			y = 11
		end
		3:
			type = 0
			x = 3
			y = 8
		end
		30:
			type = 0
			x = 5
			y = 12
		end
		31:
			type = 0
			x = 5
			y = 13
		end
		32:
			type = 4
			x = 5
			y = 14
		end
		33:
			type = 0
			x = 5
			y = 15
		end
		34:
			type = 0
			x = 5
			y = 16
		end
		35:
			type = 0
			x = 5
			y = 17
		end
		36:
			type = 0
			x = 5
			y = 18
		end
		37:
			type = 0
			x = 5
			y = 19
		end
		38:
			type = 0
			x = 6
			y = 3
		end
		39:
			type = 0
			x = 6
			y = 4
		end
		4:
			type = 0
			x = 3
			y = 9
		end
		40:
			type = 0
			x = 6
			y = 5
		end
		41:
			type = 0
			x = 6
			y = 6
		end
		42:
			type = 0
			x = 6
			y = 11
		end
		43:
			type = 0
			x = 6
			y = 12
		end
		44:
			type = 0
			x = 6
			y = 13
		end
		45:
			type = 0
			x = 6
			y = 14
		end
		46:
			type = 0
			x = 6
			y = 15
		end
		47:
			type = 0
			x = 6
			y = 16
		end
		48:
			type = 0
			x = 6
			y = 17
		end
		49:
			type = 0
			x = 6
			y = 18
		end
		5:
			type = 0
			x = 3
			y = 10
		end
		50:
			type = 0
			x = 6
			y = 19
		end
		51:
			type = 0
			x = 6
			y = 20
		end
		52:
			type = 0
			x = 7
			y = 3
		end
		53:
			type = 0
			x = 7
			y = 4
		end
		54:
			type = 0
			x = 7
			y = 5
		end
		55:
			type = 0
			x = 7
			y = 6
		end
		56:
			type = 0
			x = 7
			y = 7
		end
		57:
			type = 0
			x = 7
			y = 13
		end
		58:
			type = 0
			x = 7
			y = 14
		end
		59:
			type = 0
			x = 7
			y = 15
		end
		6:
			type = 0
			x = 3
			y = 14
		end
		60:
			type = 0
			x = 7
			y = 16
		end
		61:
			type = 0
			x = 7
			y = 17
		end
		62:
			type = 0
			x = 8
			y = 3
		end
		63:
			type = 0
			x = 8
			y = 4
		end
		64:
			type = 0
			x = 8
			y = 5
		end
		65:
			type = 0
			x = 8
			y = 6
		end
		66:
			type = 0
			x = 8
			y = 7
		end
		67:
			type = 0
			x = 8
			y = 8
		end
		68:
			type = 0
			x = 8
			y = 9
		end
		69:
			type = 0
			x = 9
			y = 3
		end
		7:
			type = 0
			x = 3
			y = 15
		end
		70:
			type = 0
			x = 9
			y = 4
		end
		71:
			type = 0
			x = 9
			y = 5
		end
		72:
			type = 0
			x = 9
			y = 6
		end
		73:
			type = 0
			x = 9
			y = 7
		end
		74:
			type = 0
			x = 9
			y = 8
		end
		75:
			type = 0
			x = 9
			y = 9
		end
		76:
			type = 1
			x = 9
			y = 10
		end
		77:
			type = 0
			x = 10
			y = 4
		end
		78:
			type = 0
			x = 10
			y = 5
		end
		79:
			type = 0
			x = 10
			y = 6
		end
		8:
			type = 0
			x = 3
			y = 16
		end
		80:
			type = 0
			x = 10
			y = 7
		end
		81:
			type = 0
			x = 10
			y = 8
		end
		82:
			type = 0
			x = 10
			y = 9
		end
		83:
			type = 1
			x = 10
			y = 10
		end
		84:
			type = 0
			x = 10
			y = 17
		end
		85:
			type = 0
			x = 10
			y = 18
		end
		86:
			type = 0
			x = 10
			y = 19
		end
		87:
			type = 0
			x = 10
			y = 20
		end
		88:
			type = 0
			x = 10
			y = 21
		end
		89:
			type = 0
			x = 11
			y = 5
		end
		9:
			type = 0
			x = 3
			y = 17
		end
		90:
			type = 0
			x = 11
			y = 6
		end
		91:
			type = 0
			x = 11
			y = 7
		end
		92:
			type = 0
			x = 11
			y = 8
		end
		93:
			type = 0
			x = 11
			y = 9
		end
		94:
			type = 0
			x = 11
			y = 10
		end
		95:
			type = 0
			x = 11
			y = 14
		end
		96:
			type = 0
			x = 11
			y = 15
		end
		97:
			type = 0
			x = 11
			y = 16
		end
		98:
			type = 0
			x = 11
			y = 17
		end
		99:
			type = 0
			x = 11
			y = 18
		end
	end
	Streets:
		0:
			EndX = 10
			EndY = 3
			StartX = 2
			StartY = 3
			Width = 1
		end
		1:
			EndX = 10
			EndY = 4
			StartX = 2
			StartY = 4
			Width = 1
		end
		10:
			EndX = 18
			EndY = 13
			StartX = 14
			StartY = 13
			Width = 1
		end
		11:
			EndX = 17
			EndY = 14
			StartX = 15
			StartY = 14
			Width = 1
		end
		12:
			EndX = 4
			EndY = 8
			StartX = 3
			StartY = 8
			Width = 1
		end
		13:
			EndX = 6
			EndY = 10
			StartX = 3
			StartY = 10
			Width = 1
		end
		14:
			EndX = 7
			EndY = 11
			StartX = 3
			StartY = 11
			Width = 1
		end
		15:
			EndX = 7
			EndY = 12
			StartX = 4
			StartY = 12
			Width = 1
		end
		16:
			EndX = 8
			EndY = 13
			StartX = 4
			StartY = 13
			Width = 1
		end
		17:
			EndX = 8
			EndY = 14
			StartX = 3
			StartY = 14
			Width = 1
		end
		18:
			EndX = 8
			EndY = 15
			StartX = 3
			StartY = 15
			Width = 1
		end
		19:
			EndX = 8
			EndY = 16
			StartX = 3
			StartY = 16
			Width = 1
		end
		2:
			EndX = 11
			EndY = 5
			StartX = 3
			StartY = 5
			Width = 1
		end
		20:
			EndX = 22
			EndY = 17
			StartX = 3
			StartY = 17
			Width = 1
		end
		21:
			EndX = 8
			EndY = 18
			StartX = 3
			StartY = 18
			Width = 1
		end
		22:
			EndX = 7
			EndY = 19
			StartX = 3
			StartY = 19
			Width = 1
		end
		23:
			EndX = 7
			EndY = 20
			StartX = 3
			StartY = 20
			Width = 1
		end
		24:
			EndX = 13
			EndY = 15
			StartX = 11
			StartY = 15
			Width = 1
		end
		25:
			EndX = 22
			EndY = 16
			StartX = 11
			StartY = 16
			Width = 1
		end
		26:
			EndX = 22
			EndY = 15
			StartX = 19
			StartY = 15
			Width = 1
		end
		27:
			EndX = 22
			EndY = 14
			StartX = 20
			StartY = 14
			Width = 1
		end
		28:
			EndX = 22
			EndY = 18
			StartX = 10
			StartY = 18
			Width = 1
		end
		29:
			EndX = 22
			EndY = 19
			StartX = 10
			StartY = 19
			Width = 1
		end
		3:
			EndX = 12
			EndY = 6
			StartX = 5
			StartY = 6
			Width = 1
		end
		30:
			EndX = 23
			EndY = 20
			StartX = 10
			StartY = 20
			Width = 1
		end
		31:
			EndX = 23
			EndY = 21
			StartX = 10
			StartY = 21
			Width = 1
		end
		32:
			EndX = 22
			EndY = 22
			StartX = 11
			StartY = 22
			Width = 1
		end
		33:
			EndX = 15
			EndY = 23
			StartX = 12
			StartY = 23
			Width = 1
		end
		34:
			EndX = 3
			EndY = 5
			StartX = 3
			StartY = 3
			Width = 1
		end
		35:
			EndX = 4
			EndY = 5
			StartX = 4
			StartY = 3
			Width = 1
		end
		36:
			EndX = 5
			EndY = 6
			StartX = 5
			StartY = 3
			Width = 1
		end
		37:
			EndX = 6
			EndY = 7
			StartX = 6
			StartY = 3
			Width = 1
		end
		38:
			EndX = 7
			EndY = 8
			StartX = 7
			StartY = 3
			Width = 1
		end
		39:
			EndX = 8
			EndY = 9
			StartX = 8
			StartY = 3
			Width = 1
		end
		4:
			EndX = 14
			EndY = 7
			StartX = 6
			StartY = 7
			Width = 1
		end
		40:
			EndX = 9
			EndY = 10
			StartX = 9
			StartY = 3
			Width = 1
		end
		41:
			EndX = 10
			EndY = 10
			StartX = 10
			StartY = 3
			Width = 1
		end
		42:
			EndX = 11
			EndY = 11
			StartX = 11
			StartY = 5
			Width = 1
		end
		43:
			EndX = 12
			EndY = 11
			StartX = 12
			StartY = 6
			Width = 1
		end
		44:
			EndX = 13
			EndY = 12
			StartX = 13
			StartY = 7
			Width = 1
		end
		45:
			EndX = 14
			EndY = 13
			StartX = 14
			StartY = 7
			Width = 1
		end
		46:
			EndX = 15
			EndY = 14
			StartX = 15
			StartY = 8
			Width = 1
		end
		47:
			EndX = 17
			EndY = 14
			StartX = 17
			StartY = 8
			Width = 1
		end
		48:
			EndX = 18
			EndY = 13
			StartX = 18
			StartY = 8
			Width = 1
		end
		49:
			EndX = 22
			EndY = 7
			StartX = 19
			StartY = 7
			Width = 1
		end
		5:
			EndX = 23
			EndY = 8
			StartX = 7
			StartY = 8
			Width = 1
		end
		50:
			EndX = 22
			EndY = 6
			StartX = 20
			StartY = 6
			Width = 1
		end
		51:
			EndX = 19
			EndY = 12
			StartX = 19
			StartY = 7
			Width = 1
		end
		52:
			EndX = 20
			EndY = 11
			StartX = 20
			StartY = 6
			Width = 1
		end
		53:
			EndX = 22
			EndY = 5
			StartX = 21
			StartY = 5
			Width = 1
		end
		54:
			EndX = 21
			EndY = 11
			StartX = 21
			StartY = 5
			Width = 1
		end
		55:
			EndX = 22
			EndY = 10
			StartX = 22
			StartY = 5
			Width = 1
		end
		56:
			EndX = 23
			EndY = 10
			StartX = 23
			StartY = 8
			Width = 1
		end
		57:
			EndX = 3
			EndY = 11
			StartX = 3
			StartY = 8
			Width = 1
		end
		58:
			EndX = 4
			EndY = 20
			StartX = 4
			StartY = 8
			Width = 1
		end
		59:
			EndX = 3
			EndY = 20
			StartX = 3
			StartY = 14
			Width = 1
		end
		6:
			EndX = 23
			EndY = 10
			StartX = 9
			StartY = 10
			Width = 1
		end
		60:
			EndX = 5
			EndY = 20
			StartX = 5
			StartY = 9
			Width = 1
		end
		61:
			EndX = 16
			EndY = 22
			StartX = 16
			StartY = 8
			Width = 1
		end
		62:
			EndX = 15
			EndY = 23
			StartX = 15
			StartY = 16
			Width = 1
		end
		63:
			EndX = 6
			EndY = 20
			StartX = 6
			StartY = 10
			Width = 1
		end
		64:
			EndX = 7
			EndY = 20
			StartX = 7
			StartY = 11
			Width = 1
		end
		65:
			EndX = 8
			EndY = 18
			StartX = 8
			StartY = 13
			Width = 1
		end
		66:
			EndX = 11
			EndY = 22
			StartX = 11
			StartY = 15
			Width = 1
		end
		67:
			EndX = 10
			EndY = 21
			StartX = 10
			StartY = 17
			Width = 1
		end
		68:
			EndX = 12
			EndY = 23
			StartX = 12
			StartY = 15
			Width = 1
		end
		69:
			EndX = 13
			EndY = 23
			StartX = 13
			StartY = 15
			Width = 1
		end
		7:
			EndX = 21
			EndY = 11
			StartX = 11
			StartY = 11
			Width = 1
		end
		70:
			EndX = 14
			EndY = 23
			StartX = 14
			StartY = 16
			Width = 1
		end
		71:
			EndX = 17
			EndY = 22
			StartX = 17
			StartY = 16
			Width = 1
		end
		72:
			EndX = 18
			EndY = 22
			StartX = 18
			StartY = 16
			Width = 1
		end
		73:
			EndX = 19
			EndY = 22
			StartX = 19
			StartY = 15
			Width = 1
		end
		74:
			EndX = 20
			EndY = 22
			StartX = 20
			StartY = 14
			Width = 1
		end
		75:
			EndX = 21
			EndY = 22
			StartX = 21
			StartY = 14
			Width = 1
		end
		76:
			EndX = 22
			EndY = 22
			StartX = 22
			StartY = 18
			Width = 1
		end
		8:
			EndX = 19
			EndY = 12
			StartX = 13
			StartY = 12
			Width = 1
		end
		9:
			EndX = 3
			EndY = 9
			StartX = 23
			StartY = 9
			Width = 1
		end
	end
end
