Map:
    Width = 15
    Height = 15
    
    BlockCount = 20
    Blocks:
        0:
            x = 0
            y = 0
        end
        1:
            x = 1
            y = 1
        end
        2:
            x = 2
            y = 2
        end
        3:
            x = 3
            y = 3
        end
        4:
            x = 4
            y = 4
        end
        5:
            x = 5
            y = 5
        end
        6:
            x = 6
            y = 6
        end
        7:
            x = 7
            y = 7
        end
        8:
            x = 8
            y = 8
        end
        9:
            x = 9
            y = 9
        end
        10:
            x = 10
            y = 10
        end
        11:
            x = 11
            y = 11
        end
        12:
            x = 12
            y = 12
        end
        13:
            x = 13
            y = 13
        end
        14:
            x = 14
            y = 14
        end
        15:
            x = 0
            y = 1
        end
        16:
            x = 0
            y = 2
        end
        17:
            x = 0
            y = 3
        end
        18:
            x = 0
            y = 4
        end
        19:
            x = 0
            y = 5
        end
    end
    
    StreetCount = 4
    Streets:
        0: 
            StartX = 0
            StartY = 0
            EndX = 5
            EndY = 0
        end
        1: 
            StartX = 0
            StartY = 1
            EndX = 6
            EndY = 1
        end
        2: 
            StartX = 0
            StartY = 2
            EndX = 10
            EndY = 2
        end
        3: 
            StartX = 0
            StartY = 0
            EndX = 0
            EndY = 6
        end
    end
end